   Compiling alyn v0.1.0 (C:\Users\gideo\Documents\Asm\alyn)
    Finished `test` profile [unoptimized + debuginfo] target(s) in 7.00s
     Running unittests src\main.rs (target\debug\deps\alyn-80877f81010ac17a.exe)
