---
source: src/backend/mod.rs
expression: "compile_to_lark(\"\n            subr add3(a: nat, b: nat, c: nat) nat {\n                ret a + b + c;\n            }\n\n            subr main() nat {\n                ret add3(1, add3(9, 8, 7), 2 + 3);\n            }\n        \")"
---
[
    subr<add3>:,
    add %binop_res.0, %b, %c,
    add $rv, %a, %binop_res.0,
    jr $ra,
    subr<main>:,
    li $a0, 9,
    li $a1, 8,
    li $a2, 7,
    jal $ra, subr<add3>,
    mv %ret_val.1, $rv,
    li $a0, 1,
    li %li_nat.3, 2,
    addi $a2, %li_nat.3, 3,
    jal $ra, subr<add3>,
    mv %ret_val.2, $rv,
    jr $ra,
]
