---
source: src/parse.rs
expression: "grammar :: SubrDeclParser ::\nnew().parse(\"<test>\",\n\"\n            subr sumfac(n: nat) nat {\n                ret n + sumfac(n - 1);\n            }\n        \")"
---
Ok(
    SubrDecl {
        name: "sumfac",
        params: [
            Param { name: "n", ty: Nat },
        ],
        ret_ty: Nat,
        body: [
            ret (n + sumfac((n - 1)));,
        ],
    },
)
