---
source: src/ast_to_ir.rs
expression: "parse_and_convert(\"\n            subr test_simple_while(n: nat) {\n                while n < 100 {\n                    n = n + 1;\n                }\n                ret;\n            }\n        \")"
---
Ok(
    [
        jmp local<while_cond#0>;
        :local<while_body#1>;
        %n <- (%n + 1);
        :local<while_cond#0>;
        if %n u(<) 100 then local<while_body#1> else local<end_while#2>;
        :local<end_while#2>,
        ret,
    ],
)
