---
source: src/parse.rs
expression: "grammar :: SubrDeclParser ::\nnew().parse(\"<test>\", \"subr main(args: **byte) { ret; }\")"
---
Ok(
    SubrDecl {
        name: "main",
        params: [
            Param { name: "args", ty: Ptr(Ptr(Byte)) },
        ],
        ret_ty: Void,
        body: [
            ret;,
        ],
    },
)
