---
source: src/ast_to_ir.rs
expression: "parse_and_convert(\"\n            subr min(a: int, b: int) int {\n                if a < b {\n                    ret a;\n                } else {\n                    ret b;\n                }\n            }\n        \")"
---
Ok(
    [
        if %a < %b then local<if_true#0> else local<if_false#1>;
        :local<if_true#0>;
        ret %a;
        jmp local<end_if#2>;
        :local<if_false#1>;
        ret %b;
        :local<end_if#2>,
    ],
)
