---
source: src/ast_to_ir.rs
expression: "parse_and_convert(\"\n            subr fib(n: nat) nat {\n                if n < 2 {\n                    ret n;\n                } else {\n                    ret fib(n - 1) + fib(n - 2);\n                }\n            }\n        \")"
---
Ok(
    [
        if %n u(<) 2 then local<if_true#0> else local<if_false#1>;
        :local<if_true#0>;
        ret %n;
        jmp local<end_if#2>;
        :local<if_false#1>;
        ret (:subr<fib>((%n - 1)) + :subr<fib>((%n - 2)));
        :local<end_if#2>,
    ],
)
