---
source: src/ast_to_ir.rs
expression: "parse_and_convert(\"\n                subr min(a: int, b: int) int {\n                    if a < b {\n                        ret a;\n                    } else {\n                        ret b;\n                    }\n                }\n            \")"
---
Ok(
    [
        if #0 < #1 then local<if_true#8> else local<if_false#9>;
        :local<if_true#8>;
        ret #0;
        jmp local<end_if#10>;
        :local<if_false#9>;
        ret #1;
        :local<end_if#10>,
    ],
)
