---
source: src/parse.rs
expression: "grammar :: SubrDeclParser ::\nnew().parse(\"<test>\",\n\"\n            subr min(a: int, b: int) int {\n                if a > b {\n                    ret b;\n                } else {\n                    ret a;\n                }\n            }\n        \")"
---
Ok(
    SubrDecl {
        name: "min",
        params: [
            Param { name: "a", ty: Int },
            Param { name: "b", ty: Int },
        ],
        ret_ty: Int,
        body: [
            if (a > b) {
                ret b;
            } else {
                ret a;
            },
        ],
    },
)
